[    0.000000] Initializing cgroup subsys cpuset
[    0.000000] Initializing cgroup subsys cpu
[    0.000000] Initializing cgroup subsys cpuacct
[    0.000000] Linux version 4.4.0-64-generic (buildd@lgw01-56) (gcc version 5.4.0 20160609 (Ubuntu 5.4.0-6ubuntu1~16.04.4) ) #85-Ubuntu SMP Mon Feb 20 11:50:30 UTC 2017 (Ubuntu 4.4.0-64.85-generic 4.4.44)
[    0.000000] Command line: BOOT_IMAGE=/boot/vmlinuz-4.4.0-64-generic root=UUID=aef88a4e-dbea-4cc7-be8b-03cf8501cc8f ro console=tty1 console=ttyS0
[    0.000000] KERNEL supported cpus:
[    0.000000]   Intel GenuineIntel
[    0.000000]   AMD AuthenticAMD
[    0.000000]   Centaur CentaurHauls
[    0.000000] x86/fpu: xstate_offset[2]:  576, xstate_sizes[2]:  256
[    0.000000] x86/fpu: Supporting XSAVE feature 0x01: 'x87 floating point registers'
[    0.000000] x86/fpu: Supporting XSAVE feature 0x02: 'SSE registers'
[    0.000000] x86/fpu: Supporting XSAVE feature 0x04: 'AVX registers'
[    0.000000] x86/fpu: Enabled xstate features 0x7, context size is 832 bytes, using 'standard' format.
[    0.000000] x86/fpu: Using 'lazy' FPU context switches.
[    0.000000] e820: BIOS-provided physical RAM map:
[    0.000000] BIOS-e820: [mem 0x0000000000000000-0x000000000009fbff] usable
[    0.000000] BIOS-e820: [mem 0x000000000009fc00-0x000000000009ffff] reserved
[    0.000000] BIOS-e820: [mem 0x00000000000f0000-0x00000000000fffff] reserved
[    0.000000] BIOS-e820: [mem 0x0000000000100000-0x000000007ffeffff] usable
[    0.000000] BIOS-e820: [mem 0x000000007fff0000-0x000000007fffffff] ACPI data
[    0.000000] BIOS-e820: [mem 0x00000000fec00000-0x00000000fec00fff] reserved
[    0.000000] BIOS-e820: [mem 0x00000000fee00000-0x00000000fee00fff] reserved
[    0.000000] BIOS-e820: [mem 0x00000000fffc0000-0x00000000ffffffff] reserved
[    0.000000] NX (Execute Disable) protection: active
[    0.000000] SMBIOS 2.5 present.
[    0.000000] Hypervisor detected: KVM
[    0.000000] e820: last_pfn = 0x7fff0 max_arch_pfn = 0x400000000
[    0.000000] MTRR: Disabled
[    0.000000] x86/PAT: MTRRs disabled, skipping PAT initialization too.
[    0.000000] x86/PAT: Configuration [0-7]: WB  WT  UC- UC  WB  WT  UC- UC  
[    0.000000] CPU MTRRs all blank - virtualized system.
[    0.000000] found SMP MP-table at [mem 0x0009fff0-0x0009ffff] mapped at [ffff88000009fff0]
[    0.000000] Scanning 1 areas for low memory corruption
[    0.000000] RAMDISK: [mem 0x36236000-0x37112fff]
[    0.000000] ACPI: Early table checksum verification disabled
[    0.000000] ACPI: RSDP 0x00000000000E0000 000024 (v02 VBOX  )
[    0.000000] ACPI: XSDT 0x000000007FFF0030 00003C (v01 VBOX   VBOXXSDT 00000001 ASL  00000061)
[    0.000000] ACPI: FACP 0x000000007FFF00F0 0000F4 (v04 VBOX   VBOXFACP 00000001 ASL  00000061)
[    0.000000] ACPI: DSDT 0x000000007FFF0470 00210F (v01 VBOX   VBOXBIOS 00000002 INTL 20160108)
[    0.000000] ACPI: FACS 0x000000007FFF0200 000040
[    0.000000] ACPI: FACS 0x000000007FFF0200 000040
[    0.000000] ACPI: APIC 0x000000007FFF0240 00005C (v02 VBOX   VBOXAPIC 00000001 ASL  00000061)
[    0.000000] ACPI: SSDT 0x000000007FFF02A0 0001CC (v01 VBOX   VBOXCPUT 00000002 INTL 20160108)
[    0.000000] No NUMA configuration found
[    0.000000] Faking a node at [mem 0x0000000000000000-0x000000007ffeffff]
[    0.000000] NODE_DATA(0) allocated [mem 0x7ffeb000-0x7ffeffff]
[    0.000000] kvm-clock: Using msrs 4b564d01 and 4b564d00
[    0.000000] kvm-clock: cpu 0, msr 0:7ffe3001, primary cpu clock
[    0.000000] kvm-clock: using sched offset of 3319075622 cycles
[    0.000000] clocksource: kvm-clock: mask: 0xffffffffffffffff max_cycles: 0x1cd42e4dffb, max_idle_ns: 881590591483 ns
[    0.000000] Zone ranges:
[    0.000000]   DMA      [mem 0x0000000000001000-0x0000000000ffffff]
[    0.000000]   DMA32    [mem 0x0000000001000000-0x000000007ffeffff]
[    0.000000]   Normal   empty
[    0.000000]   Device   empty
[    0.000000] Movable zone start for each node
[    0.000000] Early memory node ranges
[    0.000000]   node   0: [mem 0x0000000000001000-0x000000000009efff]
[    0.000000]   node   0: [mem 0x0000000000100000-0x000000007ffeffff]
[    0.000000] Initmem setup node 0 [mem 0x0000000000001000-0x000000007ffeffff]
[    0.000000] ACPI: PM-Timer IO Port: 0x4008
[    0.000000] IOAPIC[0]: apic_id 2, version 32, address 0xfec00000, GSI 0-23
[    0.000000] ACPI: INT_SRC_OVR (bus 0 bus_irq 0 global_irq 2 dfl dfl)
[    0.000000] ACPI: INT_SRC_OVR (bus 0 bus_irq 9 global_irq 9 high level)
[    0.000000] Using ACPI (MADT) for SMP configuration information
[    0.000000] smpboot: Allowing 2 CPUs, 0 hotplug CPUs
[    0.000000] PM: Registered nosave memory: [mem 0x00000000-0x00000fff]
[    0.000000] PM: Registered nosave memory: [mem 0x0009f000-0x0009ffff]
[    0.000000] PM: Registered nosave memory: [mem 0x000a0000-0x000effff]
[    0.000000] PM: Registered nosave memory: [mem 0x000f0000-0x000fffff]
[    0.000000] e820: [mem 0x80000000-0xfebfffff] available for PCI devices
[    0.000000] Booting paravirtualized kernel on KVM
[    0.000000] clocksource: refined-jiffies: mask: 0xffffffff max_cycles: 0xffffffff, max_idle_ns: 7645519600211568 ns
[    0.000000] setup_percpu: NR_CPUS:512 nr_cpumask_bits:512 nr_cpu_ids:2 nr_node_ids:1
[    0.000000] PERCPU: Embedded 33 pages/cpu @ffff88007fc00000 s98264 r8192 d28712 u1048576
[    0.000000] PV qspinlock hash table entries: 256 (order: 0, 4096 bytes)
[    0.000000] Built 1 zonelists in Node order, mobility grouping on.  Total pages: 515961
[    0.000000] Policy zone: DMA32
[    0.000000] Kernel command line: BOOT_IMAGE=/boot/vmlinuz-4.4.0-64-generic root=UUID=aef88a4e-dbea-4cc7-be8b-03cf8501cc8f ro console=tty1 console=ttyS0
[    0.000000] PID hash table entries: 4096 (order: 3, 32768 bytes)
[    0.000000] Memory: 2029548K/2096696K available (8452K kernel code, 1293K rwdata, 3980K rodata, 1488K init, 1316K bss, 67148K reserved, 0K cma-reserved)
[    0.000000] SLUB: HWalign=64, Order=0-3, MinObjects=0, CPUs=2, Nodes=1
[    0.000000] Hierarchical RCU implementation.
[    0.000000] 	Build-time adjustment of leaf fanout to 64.
[    0.000000] 	RCU restricting CPUs from NR_CPUS=512 to nr_cpu_ids=2.
[    0.000000] RCU: Adjusting geometry for rcu_fanout_leaf=64, nr_cpu_ids=2
[    0.000000] NR_IRQS:33024 nr_irqs:440 16
[    0.000000] Console: colour VGA+ 80x25
[    0.000000] console [tty1] enabled
[    0.000000] console [ttyS0] enabled
[    0.000000] tsc: Detected 2593.994 MHz processor
[    0.277052] Calibrating delay loop (skipped) preset value.. 5187.98 BogoMIPS (lpj=10375976)
[    0.278258] pid_max: default: 32768 minimum: 301
[    0.278903] ACPI: Core revision 20150930
[    0.280324] ACPI: 2 ACPI AML tables successfully acquired and loaded
[    0.281241] Security Framework initialized
[    0.281834] Yama: becoming mindful.
[    0.282381] AppArmor: AppArmor initialized
[    0.284880] Dentry cache hash table entries: 262144 (order: 9, 2097152 bytes)
[    0.286039] Inode-cache hash table entries: 131072 (order: 8, 1048576 bytes)
[    0.287137] Mount-cache hash table entries: 4096 (order: 3, 32768 bytes)
[    0.302056] Mountpoint-cache hash table entries: 4096 (order: 3, 32768 bytes)
[    0.325155] Initializing cgroup subsys io
[    0.325757] Initializing cgroup subsys memory
[    0.326382] Initializing cgroup subsys devices
[    0.327077] Initializing cgroup subsys freezer
[    0.327703] Initializing cgroup subsys net_cls
[    0.350238] Initializing cgroup subsys perf_event
[    0.350932] Initializing cgroup subsys net_prio
[    0.351584] Initializing cgroup subsys hugetlb
[    0.352210] Initializing cgroup subsys pids
[    0.352896] CPU: Physical Processor ID: 0
[    0.355591] CPU: Processor Core ID: 0
[    0.383791] mce: CPU supports 0 MCE banks
[    0.385469] Last level iTLB entries: 4KB 64, 2MB 8, 4MB 8
[    0.386187] Last level dTLB entries: 4KB 64, 2MB 0, 4MB 0, 1GB 4
[    0.388550] Freeing SMP alternatives memory: 32K (ffffffff820b9000 - ffffffff820c1000)
[    0.396511] ftrace: allocating 32123 entries in 126 pages
[    0.474895] smpboot: APIC(0) Converting physical 0 to logical package 0
[    0.484893] smpboot: Max logical packages: 1
[    0.486817] x2apic enabled
[    0.487479] Switched APIC routing to physical x2apic.
[    0.489167] ..TIMER: vector=0x30 apic1=0 pin1=2 apic2=-1 pin2=-1
[    0.608166] smpboot: CPU0: Intel(R) Core(TM) i7-5600U CPU @ 2.60GHz (family: 0x6, model: 0x3d, stepping: 0x4)
[    0.642593] Performance Events: unsupported p6 CPU model 61 no PMU driver, software events only.
[    0.707286] KVM setup paravirtual spinlock
[    0.708528] x86: Booting SMP configuration:
[    0.709133] .... node  #0, CPUs:      #1
[    0.709783] kvm-clock: cpu 1, msr 0:7ffe3041, secondary cpu clock
[    0.711347] mce: CPU supports 0 MCE banks
[    0.713752] x86: Booted up 1 node, 2 CPUs
[    0.724768] smpboot: Total of 2 processors activated (10375.97 BogoMIPS)
[    0.754498] devtmpfs: initialized
[    0.756404] evm: security.selinux
[    0.756941] evm: security.SMACK64
[    0.757461] evm: security.SMACK64EXEC
[    0.758010] evm: security.SMACK64TRANSMUTE
[    0.758691] evm: security.SMACK64MMAP
[    0.785913] evm: security.ima
[    0.800527] evm: security.capability
[    0.827482] clocksource: jiffies: mask: 0xffffffff max_cycles: 0xffffffff, max_idle_ns: 7645041785100000 ns
[    0.853248] pinctrl core: initialized pinctrl subsystem
[    0.854070] RTC time:  9:11:45, date: 03/08/17
[    0.854849] NET: Registered protocol family 16
[    0.864038] cpuidle: using governor ladder
[    0.884148] cpuidle: using governor menu
[    0.925462] PCCT header not found.
[    0.926060] ACPI: bus type PCI registered
[    0.926654] acpiphp: ACPI Hot Plug PCI Controller Driver version: 0.5
[    0.927546] PCI: Using configuration type 1 for base access
[    0.941317] ACPI: Added _OSI(Module Device)
[    0.950442] ACPI: Added _OSI(Processor Device)
[    0.974101] ACPI: Added _OSI(3.0 _SCP Extensions)
[    0.974790] ACPI: Added _OSI(Processor Aggregator Device)
[    1.058804] ACPI: Executed 1 blocks of module-level executable AML code
[    1.116012] ACPI: Interpreter enabled
[    1.125942] ACPI: (supports S0 S5)
[    1.126544] ACPI: Using IOAPIC for interrupt routing
[    1.127493] PCI: Using host bridge windows from ACPI; if necessary, use "pci=nocrs" and report a bug
[    1.131646] ACPI: PCI Root Bridge [PCI0] (domain 0000 [bus 00-ff])
[    1.133619] acpi PNP0A03:00: _OSC: OS supports [ASPM ClockPM Segments MSI]
[    1.134743] acpi PNP0A03:00: _OSC failed (AE_NOT_FOUND); disabling ASPM
[    1.137034] acpi PNP0A03:00: fail to add MMCONFIG information, can't access extended PCI configuration space under this bridge.
[    1.138956] PCI host bridge to bus 0000:00
[    1.140809] pci_bus 0000:00: root bus resource [io  0x0000-0x0cf7 window]
[    1.141782] pci_bus 0000:00: root bus resource [io  0x0d00-0xffff window]
[    1.142745] pci_bus 0000:00: root bus resource [mem 0x000a0000-0x000bffff window]
[    1.143941] pci_bus 0000:00: root bus resource [mem 0x80000000-0xffdfffff window]
[    1.145221] pci_bus 0000:00: root bus resource [bus 00-ff]
[    1.147128] pci 0000:00:01.1: legacy IDE quirk: reg 0x10: [io  0x01f0-0x01f7]
[    1.152824] pci 0000:00:01.1: legacy IDE quirk: reg 0x14: [io  0x03f6]
[    1.153782] pci 0000:00:01.1: legacy IDE quirk: reg 0x18: [io  0x0170-0x0177]
[    1.154844] pci 0000:00:01.1: legacy IDE quirk: reg 0x1c: [io  0x0376]
[    1.184611] pci 0000:00:07.0: quirk: [io  0x4000-0x403f] claimed by PIIX4 ACPI
[    1.210692] pci 0000:00:07.0: quirk: [io  0x4100-0x410f] claimed by PIIX4 SMB
[    1.252842] ACPI: PCI Interrupt Link [LNKA] (IRQs 5 9 10 *11)
[    1.274303] ACPI: PCI Interrupt Link [LNKB] (IRQs 5 9 10 *11)
[    1.289129] ACPI: PCI Interrupt Link [LNKC] (IRQs 5 9 *10 11)
[    1.315307] ACPI: PCI Interrupt Link [LNKD] (IRQs 5 *9 10 11)
[    1.328140] ACPI: Enabled 2 GPEs in block 00 to 07
[    1.343035] vgaarb: setting as boot device: PCI:0000:00:02.0
[    1.357927] vgaarb: device added: PCI:0000:00:02.0,decodes=io+mem,owns=io+mem,locks=none
[    1.359076] vgaarb: loaded
[    1.359540] vgaarb: bridge control possible 0000:00:02.0
[    1.360483] SCSI subsystem initialized
[    1.363257] ACPI: bus type USB registered
[    1.363864] usbcore: registered new interface driver usbfs
[    1.365643] usbcore: registered new interface driver hub
[    1.366367] usbcore: registered new device driver usb
[    1.367238] PCI: Using ACPI for IRQ routing
[    1.368065] NetLabel: Initializing
[    1.368604] NetLabel:  domain hash size = 128
[    1.369217] NetLabel:  protocols = UNLABELED CIPSOv4
[    1.369914] NetLabel:  unlabeled traffic allowed by default
[    1.370785] amd_nb: Cannot enumerate AMD northbridges
[    1.371495] clocksource: Switched to clocksource kvm-clock
[    1.405114] AppArmor: AppArmor Filesystem Enabled
[    1.443704] pnp: PnP ACPI init
[    1.444840] pnp: PnP ACPI: found 3 devices
[    1.464385] clocksource: acpi_pm: mask: 0xffffff max_cycles: 0xffffff, max_idle_ns: 2085701024 ns
[    1.471120] NET: Registered protocol family 2
[    1.475159] TCP established hash table entries: 16384 (order: 5, 131072 bytes)
[    1.476386] TCP bind hash table entries: 16384 (order: 6, 262144 bytes)
[    1.477341] TCP: Hash tables configured (established 16384 bind 16384)
[    1.478294] UDP hash table entries: 1024 (order: 3, 32768 bytes)
[    1.480228] UDP-Lite hash table entries: 1024 (order: 3, 32768 bytes)
[    1.481159] NET: Registered protocol family 1
[    1.481890] pci 0000:00:00.0: Limiting direct PCI/PCI transfers
[    1.482774] pci 0000:00:01.0: Activating ISA DMA hang workarounds
[    1.483776] Trying to unpack rootfs image as initramfs...
[    1.680428] Freeing initrd memory: 15220K (ffff880036236000 - ffff880037113000)
[    1.716611] RAPL PMU detected, API unit is 2^-32 Joules, 4 fixed counters 10737418240 ms ovfl timer
[    1.718052] hw unit of domain pp0-core 2^-0 Joules
[    1.724067] hw unit of domain package 2^-0 Joules
[    1.724735] hw unit of domain dram 2^-0 Joules
[    1.725364] hw unit of domain pp1-gpu 2^-0 Joules
[    1.726070] platform rtc_cmos: registered platform RTC device (no PNP device found)
[    1.727219] Scanning for low memory corruption every 60 seconds
[    1.728341] futex hash table entries: 512 (order: 3, 32768 bytes)
[    1.729143] audit: initializing netlink subsys (disabled)
[    1.729880] audit: type=2000 audit(1488964309.630:1): initialized
[    1.744765] Initialise system trusted keyring
[    1.745549] HugeTLB registered 2 MB page size, pre-allocated 0 pages
[    1.747605] zbud: loaded
[    1.748236] VFS: Disk quotas dquot_6.6.0
[    1.748842] VFS: Dquot-cache hash table entries: 512 (order 0, 4096 bytes)
[    1.749903] squashfs: version 4.0 (2009/01/31) Phillip Lougher
[    1.750933] fuse init (API version 7.23)
[    1.751653] Key type big_key registered
[    1.752237] Allocating IMA MOK and blacklist keyrings.
[    1.753553] Key type asymmetric registered
[    1.754172] Asymmetric key parser 'x509' registered
[    1.754889] Block layer SCSI generic (bsg) driver version 0.4 loaded (major 249)
[    1.756038] io scheduler noop registered
[    1.764250] io scheduler deadline registered (default)
[    1.765004] io scheduler cfq registered
[    1.765679] pci_hotplug: PCI Hot Plug PCI Core version: 0.5
[    1.766425] pciehp: PCI Express Hot Plug Controller Driver version: 0.4
[    1.767387] ACPI: AC Adapter [AC] (on-line)
[    1.768058] input: Power Button as /devices/LNXSYSTM:00/LNXPWRBN:00/input/input0
[    1.769125] ACPI: Power Button [PWRF]
[    1.769721] input: Sleep Button as /devices/LNXSYSTM:00/LNXSLPBN:00/input/input1
[    1.770791] ACPI: Sleep Button [SLPF]
[    1.771540] GHES: HEST is not enabled!
[    1.772035] ACPI: Battery Slot [BAT0] (battery present)
[    1.774253] Serial: 8250/16550 driver, 32 ports, IRQ sharing enabled
[    1.815277] 00:02: ttyS0 at I/O 0x3f8 (irq = 4, base_baud = 115200) is a 16550A
[    1.875402] Linux agpgart interface v0.103
[    1.906384] brd: module loaded
[    1.918591] loop: module loaded
[    1.954958] scsi host0: ata_piix
[    1.990806] scsi host1: ata_piix
[    2.030740] ata1: PATA max UDMA/33 cmd 0x1f0 ctl 0x3f6 bmdma 0xd000 irq 14
[    2.074935] ata2: PATA max UDMA/33 cmd 0x170 ctl 0x376 bmdma 0xd008 irq 15
[    2.094199] libphy: Fixed MDIO Bus: probed
[    2.111975] tun: Universal TUN/TAP device driver, 1.6
[    2.124641] tun: (C) 1999-2004 Max Krasnyansky <maxk@qualcomm.com>
[    2.125551] PPP generic driver version 2.4.2
[    2.126272] ehci_hcd: USB 2.0 'Enhanced' Host Controller (EHCI) Driver
[    2.127112] ehci-pci: EHCI PCI platform driver
[    2.127775] ehci-platform: EHCI generic platform driver
[    2.128484] ohci_hcd: USB 1.1 'Open' Host Controller (OHCI) Driver
[    2.129270] ohci-pci: OHCI PCI platform driver
[    2.132081] ohci-platform: OHCI generic platform driver
[    2.164145] uhci_hcd: USB Universal Host Controller Interface driver
[    2.201486] i8042: PNP: PS/2 Controller [PNP0303:PS2K,PNP0f03:PS2M] at 0x60,0x64 irq 1,12
[    2.203190] serio: i8042 KBD port at 0x60,0x64 irq 1
[    2.205126] serio: i8042 AUX port at 0x60,0x64 irq 12
[    2.206187] mousedev: PS/2 mouse device common for all mice
[    2.208481] input: AT Translated Set 2 keyboard as /devices/platform/i8042/serio0/input/input2
[    2.213078] rtc_cmos rtc_cmos: rtc core: registered rtc_cmos as rtc0
[    2.214068] rtc_cmos rtc_cmos: alarms up to one day, 114 bytes nvram
[    2.215004] i2c /dev entries driver
[    2.215667] device-mapper: uevent: version 1.0.3
[    2.216462] device-mapper: ioctl: 4.34.0-ioctl (2015-10-28) initialised: dm-devel@redhat.com
[    2.217785] ledtrig-cpu: registered to indicate activity on CPUs
[    2.225369] NET: Registered protocol family 10
[    2.227237] NET: Registered protocol family 17
[    2.227890] Key type dns_resolver registered
[    2.228659] microcode: CPU0 sig=0x306d4, pf=0x40, revision=0x0
[    2.229433] microcode: CPU1 sig=0x306d4, pf=0x40, revision=0x0
[    2.230373] microcode: Microcode Update Driver: v2.01 <tigran@aivazian.fsnet.co.uk>, Peter Oruba
[    2.231795] registered taskstats version 1
[    2.232403] Loading compiled-in X.509 certificates
[    2.233655] Loaded X.509 cert 'Build time autogenerated kernel key: 11f495fa9f4186f263f5fd144a167c99990e2f12'
[    2.257677] zswap: loaded using pool lzo/zbud
[    2.261229] Key type trusted registered
[    2.294789] Key type encrypted registered
[    2.332998] AppArmor: AppArmor sha1 policy hashing enabled
[    2.357545] ima: No TPM chip found, activating TPM-bypass!
[    2.358290] evm: HMAC attrs: 0x1
[    2.359070]   Magic number: 9:151:171
[    2.373115] rtc_cmos rtc_cmos: setting system clock to 2017-03-08 09:11:46 UTC (1488964306)
[    2.374393] BIOS EDD facility v0.16 2004-Jun-25, 0 devices found
[    2.375338] EDD information not available.
[    2.385133] Freeing unused kernel memory: 1488K (ffffffff81f45000 - ffffffff820b9000)
[    2.388257] Write protecting the kernel read-only data: 14336k
[    2.423600] Freeing unused kernel memory: 1776K (ffff880001844000 - ffff880001a00000)
[    2.461193] Freeing unused kernel memory: 116K (ffff880001de3000 - ffff880001e00000)
Loading, please [    2.511749] random: systemd-udevd: uninitialized urandom read (16 bytes read, 3 bits of entropy available)
wait...
starting version 229
[    2.512436] random: udevadm: uninitialized urandom read (16 bytes read, 3 bits of entropy available)
[    2.512468] random: udevadm: uninitialized urandom read (16 bytes read, 3 bits of entropy available)
[    2.512565] random: udevadm: uninitialized urandom read (16 bytes read, 3 bits of entropy available)
[    2.512601] random: udevadm: uninitialized urandom read (16 bytes read, 3 bits of entropy available)
[    2.512634] random: udevadm: uninitialized urandom read (16 bytes read, 3 bits of entropy available)
[    2.512667] random: udevadm: uninitialized urandom read (16 bytes read, 3 bits of entropy available)
[    2.512700] random: udevadm: uninitialized urandom read (16 bytes read, 3 bits of entropy available)
[    2.512730] random: udevadm: uninitialized urandom read (16 bytes read, 3 bits of entropy available)
[    2.512761] random: udevadm: uninitialized urandom read (16 bytes read, 3 bits of entropy available)
[    2.711328] e1000: Intel(R) PRO/1000 Network Driver - version 7.3.21-k8-NAPI
[    2.720581] e1000: Copyright (c) 1999-2006 Intel Corporation.
[    2.723727] tsc: Refined TSC clocksource calibration: 2595.086 MHz
[    2.764739] clocksource: tsc: mask: 0xffffffffffffffff max_cycles: 0x25681a17349, max_idle_ns: 440795249057 ns
[    2.814005] Fusion MPT base driver 3.04.20
[    2.844571] Copyright (c) 1999-2008 LSI Corporation
[    2.853149] Fusion MPT SPI Host driver 3.04.20
[    2.906510] AVX version of gcm_enc/dec engaged.
[    2.912599] AES CTR mode by8 optimization enabled
[    3.012578] input: ImExPS/2 Generic Explorer Mouse as /devices/platform/i8042/serio1/input/input4
[    3.138823] e1000 0000:00:03.0 eth0: (PCI:33MHz:32-bit) 02:5e:4b:b2:97:11
[    3.160879] e1000 0000:00:03.0 eth0: Intel(R) PRO/1000 Network Connection
[    3.494798] e1000 0000:00:08.0 eth1: (PCI:33MHz:32-bit) 08:00:27:c9:8f:4f
[    3.514865] e1000 0000:00:08.0 eth1: Intel(R) PRO/1000 Network Connection
[    3.517026] e1000 0000:00:03.0 enp0s3: renamed from eth0
[    3.523691] mptbase: ioc0: Initiating bringup
[    3.535673] e1000 0000:00:08.0 enp0s8: renamed from eth1
[    3.604145] ioc0: LSI53C1030 A0: Capabilities={Initiator}
[    3.796788] scsi host2: ioc0: LSI53C1030 A0, FwRev=00000000h, Ports=1, MaxQ=256, IRQ=20
[    3.919890] scsi 2:0:0:0: Direct-Access     VBOX     HARDDISK         1.0  PQ: 0 ANSI: 5
[    4.047620] scsi target2:0:0: Beginning Domain Validation
[    4.097637] scsi target2:0:0: Domain Validation skipping write tests
[    4.098439] scsi target2:0:0: Ending Domain Validation
[    4.103619] scsi target2:0:0: asynchronous
[    4.144812] scsi 2:0:1:0: Direct-Access     VBOX     HARDDISK         1.0  PQ: 0 ANSI: 5
[    4.145951] scsi target2:0:1: Beginning Domain Validation
[    4.147155] scsi target2:0:1: Domain Validation skipping write tests
[    4.147971] scsi target2:0:1: Ending Domain Validation
[    4.148691] scsi target2:0:1: asynchronous
[    4.153083] sd 2:0:0:0: [sda] 20971520 512-byte logical blocks: (10.7 GB/10.0 GiB)
[    4.153116] sd 2:0:0:0: Attached scsi generic sg0 type 0
[    4.153476] sd 2:0:1:0: Attached scsi generic sg1 type 0
[    4.153600] sd 2:0:1:0: [sdb] 20480 512-byte logical blocks: (10.5 MB/10.0 MiB)
[    4.153673] sd 2:0:1:0: [sdb] Write Protect is off
[    4.153722] sd 2:0:1:0: [sdb] Incomplete mode parameter data
[    4.153723] sd 2:0:1:0: [sdb] Assuming drive cache: write through
[    4.177190] sd 2:0:1:0: [sdb] Attached SCSI disk
[    4.266289] sd 2:0:0:0: [sda] Write Protect is off
[    4.267123] sd 2:0:0:0: [sda] Incomplete mode parameter data
[    4.267967] sd 2:0:0:0: [sda] Assuming drive cache: write through
[    4.278166]  sda: sda1
[    4.327229] sd 2:0:0:0: [sda] Attached SCSI disk
[    5.867651] floppy0: no floppy controllers found
Begin: Loading e[    7.212337] md: linear personality registered for level -1
ssential drivers ... [    7.311195] md: multipath personality registered for level -4
[    7.335568] md: raid0 personality registered for level 0
[    7.363278] md: raid1 personality registered for level 1
[    7.503937] raid6: sse2x1   gen()  7678 MB/s
[    7.593981] raid6: sse2x1   xor()  7302 MB/s
[    7.663588] raid6: sse2x2   gen() 10298 MB/s
[    7.753980] raid6: sse2x2   xor()  8315 MB/s
[    7.903980] raid6: sse2x4   gen() 14858 MB/s
[    8.034503] raid6: sse2x4   xor()  9954 MB/s
[    8.054520] raid6: using algorithm sse2x4 gen() 14858 MB/s
[    8.055246] raid6: .... xor() 9954 MB/s, rmw enabled
[    8.055930] raid6: using ssse3x2 recovery algorithm
[    8.117842] xor: automatically using best checksumming function:
[    8.247532]    avx       : 20043.000 MB/sec
[    8.290664] async_tx: api initialized (async)
[    8.300528] md: raid6 personality registered for level 6
[    8.320941] md: raid5 personality registered for level 5
[    8.321657] md: raid4 personality registered for level 4
[    8.332938] md: raid10 personality registered for level 10
done.
Begin: Running /scripts/init-premount ... done.
Begin: Mounting root file system ... Begin: Running /scripts/local-top ... done.
Begin: Running /scripts/local-pr[    8.387622] Btrfs loaded
emount ... Scanning for Btrfs filesystems
done.
Warning: fsck not present, so skipping root file system
[    8.547302] EXT4-fs (sda1): mounted filesystem with ordered data mode. Opts: (null)
done.
Begin: Running /scripts/local-bottom ... done.
Begin: Running /scripts/init-bottom ... done.
[    9.103367] systemd[1]: systemd 229 running in system mode. (+PAM +AUDIT +SELINUX +IMA +APPARMOR +SMACK +SYSVINIT +UTMP +LIBCRYPTSETUP +GCRYPT +GNUTLS +ACL +XZ -LZ4 +SECCOMP +BLKID +ELFUTILS +KMOD -IDN)
[    9.155327] systemd[1]: Detected virtualization oracle.
[    9.156122] systemd[1]: Detected architecture x86-64.

Welcome to [1mUbuntu 16.04.2 LTS[0m!

[    9.235623] systemd[1]: Set hostname to <javaee-wildfly-dev>.
[    9.504602] random: nonblocking pool is initialized
[   10.125908] systemd[1]: Configuration file /lib/systemd/system/wildfly.service is marked executable. Please remove executable permission bits. Proceeding anyway.
[   10.161633] systemd[1]: Listening on Syslog Socket.
[[0;32m  OK  [0m] Listening on Syslog Socket.
[   10.196825] systemd[1]: Created slice System Slice.
[[0;32m  OK  [0m] Created slice System Slice.
[   10.198463] systemd[1]: Created slice system-postgresql.slice.
[[0;32m  OK  [0m] Created slice system-postgresql.slice.
[   10.201830] systemd[1]: Started Forward Password Requests to Wall Directory Watch.
[[0;32m  OK  [0m] Started Forward Password Requests to Wall Directory Watch.
[   10.203869] systemd[1]: Listening on /dev/initctl Compatibility Named Pipe.
[[0;32m  OK  [0m] Listening on /dev/initctl Compatibility Named Pipe.
[   10.205568] systemd[1]: Reached target Swap.
[[0;32m  OK  [0m] Reached target Swap.
[   10.206792] systemd[1]: Reached target User and Group Name Lookups.
[[0;32m  OK  [0m] Reached target User and Group Name Lookups.
[   10.248533] systemd[1]: Listening on Journal Socket.
[[0;32m  OK  [0m] Listening on Journal Socket.
[   10.263786] systemd[1]: Starting Nameserver information manager...
         Starting Nameserver information manager...
[   10.466860] systemd[1]: Starting Set console keymap...
         Starting Set console keymap...
[   10.485665] systemd[1]: Mounting Debug File System...
         Mounting Debug File System...
[   10.516927] systemd[1]: Starting Uncomplicated firewall...
         Starting Uncomplicated firewall...
[   10.537260] systemd[1]: Starting Create list of required static device nodes for the current kernel...
         Starting Create list of required st... nodes for the current kernel...
[   10.566683] systemd[1]: Starting Remount Root and Kernel File Systems...
         Starting Remount Root and Kernel File Systems...
[   10.587814] systemd[1]: Listening on udev Kernel Socket.
[   10.607480] EXT4-fs (sda1): re-mounted. Opts: (null)
[[0;32m  OK  [0m] Listening on udev Kernel Socket.
[   10.679978  systemd[1]: Set pp automount Arbitrary Executable File Formats File System Automount Point.
[[0;32m  OK  [0m] Set up automount Arbitrary Executab...ats File System Automount Point.
[   10.927804] systemd[1]: Starting Load Kernel Modules...
         Starting Load Kernel Modules...
[   10.945814] systemd[1]: Mounting Huge Pages File System...
         Mounting Huge Pages File System...
[   10.958403] systemd[1]: Listening on Journal Socket (/dev/log).
[   10.987400] Loading iSCSI transport class v2.0-870.
[[0;32m  OK  [0m] Listening on Journal Socket (/dev/log).
[   10.996618] systemd[1]: Created slice User and Session Slice.
[[0;32m  OK  [0m] Created slice User and Session Slice.
[   10.998253] systemd[1]: Reached target Slices.
[[0;32m  OK  [0m] Reached target Slices.
[   10.999848] systemd[1]: Listening on LVM2 poll daemon socket.
[[0;32m  OK  [0m] Listening on LVM2 poll daemon socket.
[   11.002087] systemd[1]: Created slice system-serial\x2dgetty.slice.
[[0;32m  OK  [0m] Created slice system-serial\x2dgetty.slice.
[   11.036402] systemd[1]: Listening on LVM2 metadata daemon socket.
[   11.052266] iscsi: registered transport (tcp)
[[0;32m  OK  [0m] Listening on LVM2 metadata daemon socket.
[   11.079642] systemd[1]: Mounting POSIX Message Queue File System...
         Mounting POSIX Message Queue File Syste[   11.110945] iscsi: registered transport (iser)
m...
[   11.162049] systemd[1]: Listening on Journal Audit Socket.
[[0;32m  OK  [0m] Listening on Journal Audit Socket.
[   11.219713] systemd[1]: Starting Journal Service...
         Starting Journal Service...
[   11.245281] systemd[1]: Listening on Device-mapper event daemon FIFOs.
[[0;32m  OK  [0m] Listening on Device-mapper event daemon FIFOs.
[   11.249875] systemd[1]: Starting Monitoring of LVM2 mirrors, snapshots etc. using dmeventd or progress polling...
         Starting Monitoring of LVM2 mirrors... dmeventd or progress polling...
[   11.370099] systemd[1]: Reached target Encrypted Volumes.
[[0;32m  OK  [0m] Reached target Encrypted Volumes.
[   11.480103] systemd[1]: Listening on udev Control Socket.
[[0;32m  OK  [0m] Listening on udev Control Socket.
[   11.492923] systemd[1]: Mounted POSIX Message Queue File System.
[[0;32m  OK  [0m] Mounted POSIX Message Queue File System.
[   11.686114] systemd[1]: Mounted Debug File System.
[[0;32m  OK  [0m] Mounted Debug File System.
[   11.687681] systemd[1]: Mounted Huge Pages File System.
[[0;32m  OK  [0m] Mounted Huge Pages File System.
[   11.690338] systemd[1]: Started Journal Service.
[[0;32m  OK  [0m] Started Journal Service.
[[0;32m  OK  [0m] Started Set console keymap.
[[0;32m  OK  [0m] Started Uncomplicated firewall.
[[0;32m  OK  [0m] Started Create list of required sta...ce nodes for the current kernel.
[[0;32m  OK  [0m] Started Remount Root and Kernel File Systems.
[[0;32m  OK  [0m] Started Load Kernel Modules.
[[0;32m  OK  [0m] Started Nameserver information manager.
[[0;32m  OK  [0m] Started LVM2 metadata daemon.
         Starting Apply Kernel Variables...
         Mounting FUSE Control File System...
         Starting Load/Save Random Seed...
         Starting Initial cloud-init job (pre-networking)...
         Starting udev Coldplug all Devices...
         Starting Create Static Device Nodes in /dev...
         Starting Flush Journal to Persistent Storage...
[[0;32m  OK  [0m] Mounted FUSE Control File System.
[[0;32m  OK  [0m] Started Apply Kernel Variables.
[[0;32m  OK  [0m] Started Load/Save Random Seed.
[[0;32m  OK  [0m] Started udev Coldplug all Devices.
[[0;32m  OK  [0m] Started Flush Journal to Persistent Storage.
[[0;32m  OK  [0m] Started Monitoring of LVM2 mirrors,...ng dmeventd or progress polling.
[[0;32m  OK  [0m] Started Create Static Device Nodes in /dev.
         Starting udev Kernel Device Manager...
[[0;32m  OK  [0m] Started udev Kernel Device Manager.
[[0;32m  OK  [0m] Started Dispatch Password Requests to Console Directory Watch.
[[0;32m  OK  [0m] Reached target Local File Systems (Pre).
[[0;32m  OK  [0m] Reached target Local File Systems.
         Starting Create Volatile Files and Directories...
         Starting LSB: AppArmor initialization...
         Starting Set console font and keymap...
         Starting Tell Plymouth To Write Out Runtime Data...
[[0;32m  OK  [0m] Found device /dev/ttyS0.
[[0;32m  OK  [0m] Started Tell Plymouth To Write Out Runtime Data.
[[0;32m  OK  [0m] Started Create Volatile Files and Directories.
[[0;32m  OK  [0m] Reached target System Time Synchronized.
         Starting Update UTMP about System Boot/Shutdown...
[[0;32m  OK  [0m] Started Update UTMP about System Boot/Shutdown.
[[0;32m  OK  [0m] Found device 82540EM Gigabit Ethern...r (PRO/1000 MT Desktop Adapter).
[[0;32m  OK  [0m] Found device 82540EM Gigabit Ethern...r (PRO/1000 MT Desktop Adapter).
[[0;32m  OK  [0m] Started Set console font and keymap.
[[0;32m  OK  [0m] Created slice system-getty.slice.
[[0;32m  OK  [0m] Started LSB: AppArmor initialization.
[[0;32m  OK  [0m] Listening on Load/Save RF Kill Switch Status /dev/rfkill Watch.
[   16.299684] cloud-init[474]: Cloud-init v. 0.7.9 running 'init-local' at Wed, 08 Mar 2017 09:12:00 +0000. Up 15.71 seconds.
[[0;32m  OK  [0m] Started Initial cloud-init job (pre-networking).
[[0;32m  OK  [0m] Reached target Network (Pre).
         Starting Raise network interfaces...
[[0;32m  OK  [0m] Started ifup for enp0s8.
[[0;32m  OK  [0m] Started ifup for enp0s3.
[[0;32m  OK  [0m] Started Raise network interfaces.
         Starting Initial cloud-init job (metadata service crawler)...
[[0;32m  OK  [0m] Reached target Network.
[   17.432489] cloud-init[1164]: Cloud-init v. 0.7.9 running 'init' at Wed, 08 Mar 2017 09:12:02 +0000. Up 16.94 seconds.
[   17.492426] cloud-init[1164]: ci-info: ++++++++++++++++++++++++++++++++++++++Net device info++++++++++++++++++++++++++++++++++++++
[   17.492614] cloud-init[1164]: ci-info: +--------+------+-----------------------------+---------------+-------+-------------------+
[[0;32m  OK  [0m] Started Initial cloud-init job (metadata service crawler).
[   17.492814] cloud-init[1164]: ci-info: | Device |  Up  |           Address           |      Mask     | Scope |     Hw-Address    |
[   17.536366] cloud-init[1164]: ci-info: +--------+------+-----------------------------+---------------+-------+-------------------+
[   17.536543] cloud-init[1164]: ci-info: | enp0s8 | True |        192.168.56.128       | 255.255.255.0 |   .   | 08:00:27:c9:8f:4f |
[[0;32m  OK  [0m] Reached target System Initialization.
[[   17.536663] cloud-init[1164]: ci-info: | enp0s8 | True | fe80::a00:27ff:fec9:8f4f/64 |       .       |  link | 08:00:27:c9:8f:4f |
[   17.556750] cloud-init[1164]: ci-info: | enp0s3 | True |          10.0.2.15          | 255.255.255.0 |   .   | 02:5e:4b:b2:97:11 |
[0;32m  OK  [0m] Listening on UUID daemon activation socket.
[   17.556828] cloud-init[1164]: ci-info: | enp0s3 | True |  fe80::5e:4bff:feb2:9711/64 |       .       |  link | 02:5e:4b:b2:97:11 |
[   17.583437] cloud-init[1164]: ci-info: |   lo   | True |          127.0.0.1          |   255.0.0.0   |   .   |         .         |
[   17.588001] cloud-init[1164]: ci-info: |   lo   | True |           ::1/128           |       .       |  host |         .         |
[   17.628302] cloud-init[1164]: ci-info: +--------+------+-----------------------------+---------------+-------+-------------------+
[   17.628574] cloud-init[1164]: ci-info: ++++++++++++++++++++++++++++Route IPv4 info++++++++++++++++++++++++++++
[[0;32m  OK  [0m] Started Daily apt activities.
[   17.628697] cloud-init[1164]: ci-info: +-------+--------------+----------+---------------+-----------+-------+
[   17.637874] cloud-init[1164]: ci-info: | Route | Destination  | Gateway  |    Genmask    | Interface | Flags |
[   17.637970] cloud-init[1164]: ci-info: +-------+--------------+----------+---------------+-----------+-------+
[   17.638087] cloud-init[1164]: ci-info: |   0   |   0.0.0.0    | 10.0.2.2 |    0.0.0.0    |   enp0s3  |   UG  |
[   17.638211] cloud-init[1164]: ci-info: |   1   |   10.0.2.0   | 0.0.0.0  | 255.255.255.0 |   enp0s3  |   U   |
[   17.638335] cloud-init[1164]: ci-info: |   2   | 192.168.56.0 | 0.0.0.0  | 255.255.255.0 |   enp0s8  |   U   |
[   17.638458] cloud-init[1164]: ci-info: +-------+--------------+----------+---------------+-----------+-------+
[[0;32m  OK  [0m] Listening on D-Bus System Message Bus Socket.
[[0;32m  OK  [0m] Started Daily Cleanup of Temporary Directories.
         Starting LXD - unix socket.
         Starting Socket activation for snappy daemon.
[[0;32m  OK  [0m] Listening on ACPID Listen Socket.
[[0;32m  OK  [0m] Started Trigger resolvconf update for networkd DNS.
[[0;32m  OK  [0m] Started ACPI Events Check.
[[0;32m  OK  [0m] Reached target Paths.
[[0;32m  OK  [0m] Started Timer to automatically refresh installed snaps.
[[0;32m  OK  [0m] Reached target Timers.
[[0;32m  OK  [0m] Reached target Cloud-config availability.
[[0;32m  OK  [0m] Reached target Network is Online.
         Starting iSCSI initiator daemon (iscsid)...
[[0;32m  OK  [0m] Listening on LXD - unix socket.
[[0;32m  OK  [0m] Listening on Socket activation for snappy daemon.
[[0;32m  OK  [0m] Reached target Sockets.
[[0;32m  OK  [0m] Reached target Basic System.
         Starting System Logging Service...
[[0;32m  OK  [0m] Started Deferred execution scheduler.
         Starting Apply the settings specified in cloud-config...
         Starting PostgreSQL Cluster 9.6-main...
         Starting Login Service...
[[0;32m  OK  [0m] Started ACPI event daemon.
         Starting LSB: Record successful boot for GRUB...
         Starting LXD - container startup/shutdown...
[[0;32m  OK  [0m] Started Snappy daemon.
         Starting Auto import assertions from block devices...
[[0;32m  OK  [0m] Started D-Bus System Message Bus.
[   18.569869] cloud-init[1221]: Cloud-init v. 0.7.9 running 'modules:config' at Wed, 08 Mar 2017 09:12:03 +0000. Up 18.34 seconds.
[[0;32m  OK  [0m] Started WildFly application server.
         Starting LSB: MD monitoring daemon...
[[0;32m  OK  [0m] Started FUSE filesystem for LXC.
         Starting Accounts Service...
         Starting /etc/rc.local Compatibility...
[[0;32m  OK  [0m] Started Regular background program processing daemon.
         Starting OpenBSD Secure Shell server...
[[0;32m  OK  [0m] Started System Logging Service.
[[0;32m  OK  [0m] Started iSCSI initiator daemon (iscsid).
[[0;32m  OK  [0m] Started Apply the settings specified in cloud-config.
[[0;32m  OK  [0m] Started Auto import assertions from block devices.
[[0;32m  OK  [0m] Started /etc/rc.local Compatibility.
[[0;32m  OK  [0m] Started Login Service.
         Starting Login to default iSCSI targets...
[[0;32m  OK  [0m] Started LSB: Record successful boot for GRUB.
[[0;32m  OK  [0m] Started Login to default iSCSI targets.
[[0;32m  OK  [0m] Reached target Remote File Systems (Pre).
[[0;32m  OK  [0m] Reached target Remote File Systems.
         Starting LSB: VirtualBox Linux Additions...
         Starting Permit User Sessions...
         Starting LSB: automatic crash report generation...
         Starting LSB: Set the CPU Frequency Scaling governor to "ondemand"...
         Starting LSB: Start/stop sysstat's sadc...
         Starting LSB: daemon to balance interrupts for SMP systems...
[[0;32m  OK  [0m] Started LSB: Set the CPU Frequency Scaling governor to "ondemand".
[[0;32m  OK  [0m] Started Permit User Sessions.
         Starting Terminate Plymouth Boot Screen...
         Starting Hold until boot process finishes up...
[[0;32m  OK  [0m] Started Hold until boot process finishes up.
[[0;32m  OK  [0m] Started Terminate Plymouth Boot Screen.
         Starting Set console scheme...
[[0;32m  OK  [0m] Started Serial Getty on ttyS0.
[[0;32m  OK  [0m] Started Getty on tty1.
[[0;32m  OK  [0m] Reached target Login Prompts.
[[0;32m  OK  [0m] Started LSB: Start/stop sysstat's sadc.
[[0;32m  OK  [0m] Started LSB: MD monitoring daemon.
[[0;32m  OK  [0m] Started Set console scheme.
[[0;32m  OK  [0m] Started LSB: daemon to balance interrupts for SMP systems.
[[0;32m  OK  [0m] Started LSB: automatic crash report generation.
[[0;32m  OK  [0m] Started OpenBSD Secure Shell server.
         Starting Authenticate and Authorize Users to Run Privileged Tasks...
[[0;32m  OK  [0m] Started LSB: VirtualBox Linux Additions.
[[0;32m  OK  [0m] Started Authenticate and Authorize Users to Run Privileged Tasks.
[[0;32m  OK  [0m] Started Accounts Service.
[[0;32m  OK  [0m] Started LXD - container startup/shutdown.
[[0;32m  OK  [0m] Created slice User Slice of ubuntu.
         Starting User Manager for UID 1000...
[[0;32m  OK  [0m] Started Session 1 of user ubuntu.
[[0;32m  OK  [0m] Started User Manager for UID 1000.

Ubuntu 16.04.2 LTS javaee-wildfly-dev ttyS0

javaee-wildfly-dev login: [   27.906228] cloud-init[1715]: Cloud-init v. 0.7.9 running 'modules:final' at Wed, 08 Mar 2017 09:12:12 +0000. Up 27.68 seconds.
[   27.906523] cloud-init[1715]: Cloud-init v. 0.7.9 finished at Wed, 08 Mar 2017 09:12:13 +0000. Datasource DataSourceNoCloud [seed=/dev/sdb][dsmode=net].  Up 27.90 seconds
         Stopping Session 4 of user ubuntu.
[[K[[0;32m  OK  [0m] Stopped System Logging Service.
[[0;32m  OK  [0m] Stopped Deferred execution scheduler.
[[0;32m  OK  [0m] Stopped ACPI event daemon.
[[0;32m  OK  [0m] Stopped Snappy daemon.
[[0;32m  OK  [0m] Stopped Accounts Service.
[[0;32m  OK  [0m] Stopped Regular background program processing daemon.
[[0;32m  OK  [0m] Stopped OpenBSD Secure Shell server.
[[0;32m  OK  [0m] Stopped Serial Getty on ttyS0.
[[0;32m  OK  [0m] Stopped Getty on tty1.
[[0;32m  OK  [0m] Stopped Authenticate and Authorize Users to Run Privileged Tasks.
[[0;32m  OK  [0m] Stopped User Manager for UID 1000.
[[0;32m  OK  [0m] Stopped Session 4 of user ubuntu.
[[0;32m  OK  [0m] Stopped WildFly application server.
[[0;32m  OK  [0m] Stopped D-Bus System Message Bus.
[[0;32m  OK  [0m] Stopped FUSE filesystem for LXC.
[[0;32m  OK  [0m] Stopped LSB: VirtualBox Linux Additions.
[[0;32m  OK  [0m] Stopped LSB: Start/stop sysstat's sadc.
[[0;32m  OK  [0m] Stopped LSB: daemon to balance interrupts for SMP systems.
[[0;32m  OK  [0m] Stopped LXD - container startup/shutdown.
[[0;32m  OK  [0m] Stopped LSB: Set the CPU Frequency Scaling governor to "ondemand".
[[0;32m  OK  [0m] Stopped LSB: Record successful boot for GRUB.
[[0;32m  OK  [0m] Stopped LSB: MD monitoring daemon.
[[0;32m  OK  [0m] Stopped LSB: automatic crash report generation.
[[0;32m  OK  [0m] Removed slice User Slice of ubuntu.
         Stopping Login Service...
[[0;32m  OK  [0m] Removed slice system-getty.slice.
         Stopping Permit User Sessions...
[[0;32m  OK  [0m] Removed slice system-serial\x2dgetty.slice.
[[0;32m  OK  [0m] Stopped /etc/rc.local Compatibility.
[[0;32m  OK  [0m] Stopped Login Service.
[[0;32m  OK  [0m] Stopped Permit User Sessions.
[[0;32m  OK  [0m] Stopped target Remote File Systems.
[[0;32m  OK  [0m] Stopped target Remote File Systems (Pre).
         Stopping Login to default iSCSI targets...
[[0;32m  OK  [0m] Stopped target User and Group Name Lookups.
[[0;32m  OK  [0m] Stopped PostgreSQL Cluster 9.6-main.
[[0;32m  OK  [0m] Removed slice system-postgresql.slice.
[[0;32m  OK  [0m] Stopped target Basic System.
[[0;32m  OK  [0m] Stopped target Slices.
[[0;32m  OK  [0m] Removed slice User and Session Slice.
[[0;32m  OK  [0m] Stopped target Paths.
[[0;32m  OK  [0m] Stopped Forward Password Requests to Wall Directory Watch.
[[0;32m  OK  [0m] Stopped Trigger resolvconf update for networkd DNS.
[[0;32m  OK  [0m] Stopped ACPI Events Check.
[[0;32m  OK  [0m] Stopped Dispatch Password Requests to Console Directory Watch.
[[0;32m  OK  [0m] Stopped target Sockets.
[[0;32m  OK  [0m] Closed Socket activation for snappy daemon.
[[0;32m  OK  [0m] Closed UUID daemon activation socket.
[[0;32m  OK  [0m] Closed ACPID Listen Socket.
[[0;32m  OK  [0m] Closed LXD - unix socket.
[[0;32m  OK  [0m] Closed Syslog Socket.
[[0;32m  OK  [0m] Closed D-Bus System Message Bus Socket.
[[0;32m  OK  [0m] Stopped target System Initialization.
[[0;32m  OK  [0m] Stopped target Swap.
         Stopping Update UTMP about System Boot/Shutdown...
         Stopping Load/Save Random Seed...
[[0;32m  OK  [0m] Stopped target Encrypted Volumes.
[[0;32m  OK  [0m] Stopped Login to default iSCSI targets.
[[0;32m  OK  [0m] Stopped Load/Save Random Seed.
[[0;32m  OK  [0m] Stopped Update UTMP about System Boot/Shutdown.
[[0;32m  OK  [0m] Stopped Create Volatile Files and Directories.
         Stopping iSCSI initiator daemon (iscsid)...
[[0;32m  OK  [0m] Stopped iSCSI initiator daemon (iscsid).
[[0;32m  OK  [0m] Stopped target Network is Online.
[[0;32m  OK  [0m] Stopped Initial cloud-init job (metadata service crawler).
[[0;32m  OK  [0m] Stopped target Network.
         Stopping Raise network interfaces...
[[0;32m  OK  [0m] Stopped Raise network interfaces.
[[0;32m  OK  [0m] Stopped target Network (Pre).
[[0;32m  OK  [0m] Stopped Initial cloud-init job (pre-networking).
[[0;32m  OK  [0m] Stopped target Local File Systems.
         Unmounting /run/user/1000...
         Unmounting /vagrant...
         Starting Unattended Upgrades Shutdown...
[[0;32m  OK  [0m] Stopped Apply Kernel Variables.
[[0;32m  OK  [0m] Stopped Load Kernel Modules.
[[0;32m  OK  [0m] Unmounted /run/user/1000.
[[0;32m  OK  [0m] Unmounted /vagrant.
[[0;32m  OK  [0m] Reached target Unmount All Filesystems.
[[0;32m  OK  [0m] Stopped target Local File Systems (Pre).
         Stopping Monitoring of LVM2 mirrors... dmeventd or progress polling...
[[0;32m  OK  [0m] Stopped Create Static Device Nodes in /dev.
[[0;32m  OK  [0m] Stopped Remount Root and Kernel File Systems.
[[0;32m  OK  [0m] Stopped Monitoring of LVM2 mirrors,...ng dmeventd or progress polling.
         Stopping LVM2 metadata daemon...
[[0;32m  OK  [0m] Stopped LVM2 metadata daemon.
[[0;32m  OK  [0m] Started Unattended Upgrades Shutdown.
[[0;32m  OK  [0m] Reached target Shutdown.
[  238.124659] reboot: Power down
